Performing C SOURCE FILE Test CMAKE_HAVE_LIBC_PTHREAD failed with the following output:
Change Dir: /home/avi/git/distributions/xgboost/build/CMakeFiles/CMakeTmp

Run Build Command(s):/usr/bin/gmake cmTC_64fc5/fast && /usr/bin/gmake  -f CMakeFiles/cmTC_64fc5.dir/build.make CMakeFiles/cmTC_64fc5.dir/build
gmake[1]: Entering directory '/home/avi/git/distributions/xgboost/build/CMakeFiles/CMakeTmp'
Building C object CMakeFiles/cmTC_64fc5.dir/src.c.o
/usr/bin/cc   -DCMAKE_HAVE_LIBC_PTHREAD -o CMakeFiles/cmTC_64fc5.dir/src.c.o -c /home/avi/git/distributions/xgboost/build/CMakeFiles/CMakeTmp/src.c
Linking C executable cmTC_64fc5
/usr/bin/cmake -E cmake_link_script CMakeFiles/cmTC_64fc5.dir/link.txt --verbose=1
/usr/bin/cc  -DCMAKE_HAVE_LIBC_PTHREAD CMakeFiles/cmTC_64fc5.dir/src.c.o -o cmTC_64fc5 
/usr/bin/ld: CMakeFiles/cmTC_64fc5.dir/src.c.o: in function `main':
src.c:(.text+0x46): undefined reference to `pthread_create'
/usr/bin/ld: src.c:(.text+0x52): undefined reference to `pthread_detach'
/usr/bin/ld: src.c:(.text+0x5e): undefined reference to `pthread_cancel'
/usr/bin/ld: src.c:(.text+0x6f): undefined reference to `pthread_join'
collect2: error: ld returned 1 exit status
gmake[1]: *** [CMakeFiles/cmTC_64fc5.dir/build.make:106: cmTC_64fc5] Error 1
gmake[1]: Leaving directory '/home/avi/git/distributions/xgboost/build/CMakeFiles/CMakeTmp'
gmake: *** [Makefile:140: cmTC_64fc5/fast] Error 2


Source file was:
#include <pthread.h>

void* test_func(void* data)
{
  return data;
}

int main(void)
{
  pthread_t thread;
  pthread_create(&thread, NULL, test_func, NULL);
  pthread_detach(thread);
  pthread_cancel(thread);
  pthread_join(thread, NULL);
  pthread_atfork(NULL, NULL, NULL);
  pthread_exit(NULL);

  return 0;
}

Determining if the function pthread_create exists in the pthreads failed with the following output:
Change Dir: /home/avi/git/distributions/xgboost/build/CMakeFiles/CMakeTmp

Run Build Command(s):/usr/bin/gmake cmTC_96b52/fast && /usr/bin/gmake  -f CMakeFiles/cmTC_96b52.dir/build.make CMakeFiles/cmTC_96b52.dir/build
gmake[1]: Entering directory '/home/avi/git/distributions/xgboost/build/CMakeFiles/CMakeTmp'
Building C object CMakeFiles/cmTC_96b52.dir/CheckFunctionExists.c.o
/usr/bin/cc   -DCHECK_FUNCTION_EXISTS=pthread_create -o CMakeFiles/cmTC_96b52.dir/CheckFunctionExists.c.o -c /usr/share/cmake-3.18/Modules/CheckFunctionExists.c
Linking C executable cmTC_96b52
/usr/bin/cmake -E cmake_link_script CMakeFiles/cmTC_96b52.dir/link.txt --verbose=1
/usr/bin/cc  -DCHECK_FUNCTION_EXISTS=pthread_create CMakeFiles/cmTC_96b52.dir/CheckFunctionExists.c.o -o cmTC_96b52  -lpthreads 
/usr/bin/ld: cannot find -lpthreads
collect2: error: ld returned 1 exit status
gmake[1]: *** [CMakeFiles/cmTC_96b52.dir/build.make:106: cmTC_96b52] Error 1
gmake[1]: Leaving directory '/home/avi/git/distributions/xgboost/build/CMakeFiles/CMakeTmp'
gmake: *** [Makefile:140: cmTC_96b52/fast] Error 2



Determining if the fopen64 exist failed with the following output:
Change Dir: /home/avi/git/distributions/xgboost/build/CMakeFiles/CMakeTmp

Run Build Command(s):/usr/bin/gmake cmTC_1c019/fast && /usr/bin/gmake  -f CMakeFiles/cmTC_1c019.dir/build.make CMakeFiles/cmTC_1c019.dir/build
gmake[1]: Entering directory '/home/avi/git/distributions/xgboost/build/CMakeFiles/CMakeTmp'
Building C object CMakeFiles/cmTC_1c019.dir/CheckSymbolExists.c.o
/usr/bin/cc    -o CMakeFiles/cmTC_1c019.dir/CheckSymbolExists.c.o -c /home/avi/git/distributions/xgboost/build/CMakeFiles/CMakeTmp/CheckSymbolExists.c
/home/avi/git/distributions/xgboost/build/CMakeFiles/CMakeTmp/CheckSymbolExists.c: In function ‘main’:
/home/avi/git/distributions/xgboost/build/CMakeFiles/CMakeTmp/CheckSymbolExists.c:8:19: error: ‘fopen64’ undeclared (first use in this function); did you mean ‘fopen’?
    8 |   return ((int*)(&fopen64))[argc];
      |                   ^~~~~~~
      |                   fopen
/home/avi/git/distributions/xgboost/build/CMakeFiles/CMakeTmp/CheckSymbolExists.c:8:19: note: each undeclared identifier is reported only once for each function it appears in
gmake[1]: *** [CMakeFiles/cmTC_1c019.dir/build.make:85: CMakeFiles/cmTC_1c019.dir/CheckSymbolExists.c.o] Error 1
gmake[1]: Leaving directory '/home/avi/git/distributions/xgboost/build/CMakeFiles/CMakeTmp'
gmake: *** [Makefile:140: cmTC_1c019/fast] Error 2


File /home/avi/git/distributions/xgboost/build/CMakeFiles/CMakeTmp/CheckSymbolExists.c:
/* */
#include <stdio.h>

int main(int argc, char** argv)
{
  (void)argv;
#ifndef fopen64
  return ((int*)(&fopen64))[argc];
#else
  (void)argc;
  return 0;
#endif
}
